../Core/Src/main.c:86:6:MPU6050_Init	32	static
../Core/Src/main.c:115:6:MPU6050_Read_Accel	32	static
../Core/Src/main.c:137:6:MPU6050_Read_Gyro	32	static
../Core/Src/main.c:164:5:main	8	static
../Core/Src/main.c:217:6:SystemClock_Config	96	static
../Core/Src/main.c:278:13:MX_I2C1_Init	8	static
../Core/Src/main.c:326:13:MX_USART2_UART_Init	8	static
../Core/Src/main.c:361:13:MX_GPIO_Init	40	static
../Core/Src/main.c:389:1:__io_putchar	16	static
../Core/Src/main.c:397:1:__io_getchar	16	static
../Core/Src/main.c:412:6:Error_Handler	4	static,ignoring_inline_asm
